Turbo Assembler	 Version 4.1	    03/02/25 10:47:50	    Page 1
crackme.asm



      1				     ;------------------------------------------------------------------------------
      2				     ;			      Asm Task to Crack	somebody
      3				     ;			       (c) 2025	Muratov	Artyom
      4				     ;------------------------------------------------------------------------------
      5
      6	0000			     .model  tiny
      7	0000			     .code
      8				     org     100h
      9
     10	0100			     Start:
     11	0100  E8 000B				     call ReadPassword		     ; read password from
     12										     ; stdin to	check it
     13
     14										     ;-----------------------
     15	0103  BA 012Ar				     lea  dx, InputPassword	     ;			    |
     16										     ;-----------------------
     17	0106  E8 001A				     call PutString		     ; output string to	videoseg
     18
     19
     20	0109  B8 4C00				     mov  ax, 4c00h		     ; DOS Fn 4ch = exit (al)
     21	010C  CD 21				     int  21h
     22
     23				     ;------------------------------------------------------------------------------
     24				     ; ReadPassword  func to read password from	stdin to buffer
     25				     ; Entry:	     None
     26				     ; Exit:	     InputPassword - buffer from stdin
     27				     ; Destroy:	     cx, ax, di,
     28				     ;------------------------------------------------------------------------------
     29	010E			     ReadPassword    proc
     30	010E  B9 000B				     mov  cx, 11		     ; cx = number of symbols
     31										     ; in password
     32	0111  BF 012Ar				     mov  di, offset InputPassword   ; offset
     33	0114  B4 07				     mov  ah, 07h		     ; DOS Fn 07H: No echo
     34										     ; unfiltered console input
     35	0116			     NewChar:
     36	0116  CD 21				     int  21h			     ; call Fn 07H
     37										     ; al = input symbol
     38	0118  2E: 88 05				     mov  cs:[di], al		     ; write to	buffer InputPassword
     39	011B  47				     inc  di			     ; di++
     40
     41	011C  E2 F8				     loop NewChar		     ; while (--cx) goto NewChar
     42	011E  2E: C6 05	24			     mov  byte ptr cs:[di], '$'	     ; write to	InputPassword
     43										     ; end symbol '$'
     44	0122  C3				     ret
     45	0123			     ReadPassword    endp
     46				     ;------------------------------------------------------------------------------
     47				     ;------------------------------------------------------------------------------
     48				     ; PutString  Func to make string of frame
     49				     ; Entry:	     dx	    - offset  array of symbol for string
     50				     ; Exit:	     None
     51				     ; Destroy:	     di, si, al
     52				     ;------------------------------------------------------------------------------
     53	0123			     PutString	     proc
     54	0123  B4 09				     mov  ah, 09h		     ; DOS Fn 09h = puts(dx)
     55
     56	0125  CD 21				     int  21h			     ; call puts(dx)
     57
Turbo Assembler	 Version 4.1	    03/02/25 10:47:50	    Page 2
crackme.asm



     58	0127  C3				     ret
     59	0128			     PutString	     endp
     60
     61				     ;------------------------------------------------------------------------------
     62				     ; HashCounter   func to count hash	of password
     63				     ; Entry:	     si	= ptr to string	of password
     64				     ; Exit:	     ax	= hash of password
     65				     ; Destroy:	     si, ax,
     66				     ;------------------------------------------------------------------------------
     67	0128			     HashCounter     proc
     68
     69
     70
     71
     72	0128  C3				     ret
     73	0129			     HashCounter     endp
     74
     75				     ;------------------------------------------------------------------------------
     76	0129  0B		     AdminPasswordLen db 11
     77
     78	012A  0C*(73)		     InputPassword   db	 12 dup	('s')
     79
     80	0136  50 4F 4C 54 4F 52	41+  AdminPassword   db	 "POLTORASHKA"
     81	      53 48 4B 41
     82
     83				     End	     Start
Turbo Assembler	 Version 4.1	    03/02/25 10:47:50	    Page 3
Symbol Table




Symbol Name			  Type	 Value

??DATE				  Text	 "03/02/25"
??FILENAME			  Text	 "crackme "
??TIME				  Text	 "10:47:50"
??VERSION			  Number 040A
@32BIT				  Text	 0
@CODE				  Text	 DGROUP
@CODESIZE			  Text	 0
@CPU				  Text	 0101H
@CURSEG				  Text	 _TEXT
@DATA				  Text	 DGROUP
@DATASIZE			  Text	 0
@FILENAME			  Text	 CRACKME
@INTERFACE			  Text	 000H
@MODEL				  Text	 1
@STACK				  Text	 DGROUP
@WORDSIZE			  Text	 2
ADMINPASSWORD			  Byte	 DGROUP:0136
ADMINPASSWORDLEN		  Byte	 DGROUP:0129
HASHCOUNTER			  Near	 DGROUP:0128
INPUTPASSWORD			  Byte	 DGROUP:012A
NEWCHAR				  Near	 DGROUP:0116
PUTSTRING			  Near	 DGROUP:0123
READPASSWORD			  Near	 DGROUP:010E
START				  Near	 DGROUP:0100

Groups & Segments		  Bit Size Align  Combine Class

DGROUP				  Group
  _DATA				  16  0000 Word	  Public  DATA
  _TEXT				  16  0141 Word	  Public  CODE
